nohup: ignoring input
Watching for file changes with StatReloader
[07/Oct/2025 20:30:11] "GET / HTTP/1.1" 200 3046
[07/Oct/2025 20:30:25] code 400, message Bad request version ("\x00\x02\x01\x00DÍ\x00\x05\x00\x03\x02h2ÿ\x01\x00\x01\x00\x003\x04ï\x04íÚÚ\x00\x01\x00\x11ì\x04À\x8c\x142MÕ°/ÆY\x08Â^\x19b¿\x97\x15·s8'¥")
[07/Oct/2025 20:30:25] You're accessing the development server over HTTPS, but it only supports HTTP.
[07/Oct/2025 20:30:25] code 400, message Bad request version ('w`\x82\x97')
[07/Oct/2025 20:30:25] You're accessing the development server over HTTPS, but it only supports HTTP.
[07/Oct/2025 20:30:28] "GET / HTTP/1.1" 200 3046
[07/Oct/2025 20:30:28] "GET /static/core/styles.css HTTP/1.1" 200 3471
[07/Oct/2025 20:30:28] "GET /static/core/apple-icon.png HTTP/1.1" 200 22380
[07/Oct/2025 20:31:33] code 400, message Bad request version ('î<k')
[07/Oct/2025 20:31:33] You're accessing the development server over HTTPS, but it only supports HTTP.
[07/Oct/2025 20:31:33] code 400, message Bad request version ('§\x894ÐR\x1aáÒ\x98qû\x9d\x0f(DM¸³J7<KçU#9Âµ|-Sè\x84Ø\x95m(KM¯')
[07/Oct/2025 20:31:33] You're accessing the development server over HTTPS, but it only supports HTTP.
[07/Oct/2025 20:31:35] "GET / HTTP/1.1" 200 3046
[07/Oct/2025 20:31:35] "GET /static/core/styles.css HTTP/1.1" 200 3471
[07/Oct/2025 20:31:35] "GET /static/core/apple-icon.png HTTP/1.1" 200 22380
[07/Oct/2025 20:39:16] code 400, message Bad HTTP/0.9 request type ('\x16\x03\x01\x06à\x01\x00\x06Ü\x03\x03vX')
[07/Oct/2025 20:39:16] You're accessing the development server over HTTPS, but it only supports HTTP.
[07/Oct/2025 20:39:17] code 400, message Bad request version ('\x8a\x8a\x13\x01\x13\x02\x13\x03À+À/À,À0Ì©Ì¨À\x13À\x14\x00\x9c\x00\x9d\x00/\x005\x01\x00\x06Sªª\x00\x00\x00')
[07/Oct/2025 20:39:17] You're accessing the development server over HTTPS, but it only supports HTTP.
[07/Oct/2025 20:39:19] "GET / HTTP/1.1" 200 3046
[07/Oct/2025 20:39:19] "GET /static/core/styles.css HTTP/1.1" 200 3471
[07/Oct/2025 20:39:19] "GET /static/core/apple-icon.png HTTP/1.1" 200 22380
[07/Oct/2025 20:39:38] "GET / HTTP/1.1" 200 3046
[07/Oct/2025 20:39:38] "GET /static/core/styles.css HTTP/1.1" 200 3471
[07/Oct/2025 20:39:39] "GET /static/core/apple-icon.png HTTP/1.1" 200 22380
[07/Oct/2025 20:41:16] "GET / HTTP/1.1" 200 3046
[07/Oct/2025 20:41:18] "GET / HTTP/1.1" 200 3046
[07/Oct/2025 20:52:06] "GET / HTTP/1.1" 200 3046
[07/Oct/2025 20:54:45] "GET / HTTP/1.1" 200 3046
